// Jest Snapshot v1, https://goo.gl/fbAQLP

exports[`Home Container should compile 1`] = `
<app-home
  fixtures={[Function Store]}
  lastMatchday={[Function Store]}
  ranking={[Function Store]}
  store={[Function MockStore]}
>
  <h2
    class="dashboard-title"
  >
    Soccer stats insights for your favourite team
  </h2><div
    class="dashboard-overview"
  >
    <section
      class="main-content"
    >
      <app-match-day>
        <div
          class="box"
        >
          <h1
            class="title"
          >
            MatchDay 5
          </h1>
          <div
            class="day"
          >
            27/04
          </div>
          
          <div
            class="day"
          >
            28/04
          </div>
          
          <div
            class="day"
          >
            29/04
          </div>
          
        </div>
      </app-match-day>
    </section>
    <aside
      class="side-content"
    >
      <app-ranking>
        <div
          class="box"
        >
          <h1
            class="title"
          >
            Ranking
          </h1>
          <table
            class="ranking-table"
          >
            <thead>
              <tr>
                <th>
                  Position
                </th>
                <th>
                  Team
                </th>
                <th>
                  Points
                </th>
              </tr>
            </thead>
            
            <tbody>
              
            </tbody>
          </table>
        </div>
      </app-ranking>
    </aside>
  </div>
</app-home>
`;
