// Jest Snapshot v1, https://goo.gl/fbAQLP

exports[`Home Container should compile 1`] = `
<app-home
  fixtures={[Function Store]}
  ranking={[Function Store]}
  store={[Function MockStore]}
>
  <h2
    class="dashboard-title"
  >
    Soccer stats insights for your favourite team
  </h2><div
    class="dashboard-overview"
  >
    <section
      class="main-content"
    >
      <article>
        <h1>
          Fixtures
        </h1>
        
      </article>
      <article>
        <h1>
          News
        </h1>
        <app-news-item>
          <p>
            news-item works!
          </p>
          <picture>
            <img
              src="/assets/news-item.jpg"
            />
          </picture>
        </app-news-item>
      </article>
    </section>
    <aside
      class="side-content"
    >
      <app-ranking>
        <div
          class="box"
        >
          <h1
            class="title"
          >
            Ranking
          </h1>
          <table
            class="ranking-table"
          >
            <thead>
              <tr>
                <th>
                  Position
                </th>
                <th>
                  Team
                </th>
                <th>
                  Points
                </th>
              </tr>
            </thead>
            
            <tbody>
              
            </tbody>
          </table>
        </div>
      </app-ranking>
    </aside>
  </div>
</app-home>
`;
