// Jest Snapshot v1, https://goo.gl/fbAQLP

exports[`Home Container should compile 1`] = `
<app-home
  lastMatchday={[Function Store]}
  ranking={[Function Store]}
  store={[Function MockStore]}
>
  <h2
    class="dashboard-title"
  >
    Soccer stats insights for your favourite team
  </h2><div
    class="dashboard-overview"
  >
    <section
      class="main-content"
    >
      <app-match-day>
        
        <div
          class="box"
        >
          <div
            class="title"
          >
            <h1>
              MatchDay 
            </h1>
            <div
              class="navigation"
            >
              <i
                class="fas fa-angle-left"
              />
              <i
                class="fas fa-angle-right"
              />
            </div>
          </div>
          
        </div>
      </app-match-day>
    </section>
    <aside
      class="side-content"
    >
      <app-ranking>
        <div
          class="box"
        >
          <h1
            class="title"
          >
            Ranking
          </h1>
          <table
            class="ranking-table"
          >
            <thead>
              <tr>
                <th>
                  Position
                </th>
                <th>
                  Team
                </th>
                <th>
                  Points
                </th>
              </tr>
            </thead>
            
            <tbody>
              
            </tbody>
          </table>
        </div>
      </app-ranking>
    </aside>
  </div>
</app-home>
`;
