// Jest Snapshot v1, https://goo.gl/fbAQLP

exports[`Team Container should compile 1`] = `
<app-team-container
  route={[Function Object]}
  store={[Function MockStore]}
  team={[Function Store]}
>
  <app-team-info>
    
  </app-team-info><div
    class="nav"
  >
    <nav
      class="nav-links"
    >
      <span
        routerlink="squad"
        routerlinkactive="active-link"
        tabindex="0"
      >
         Squad 
      </span>
      <span
        routerlink="stats"
        routerlinkactive="active-link"
        tabindex="0"
      >
         Results 
      </span>
    </nav>
  </div><router-outlet />
</app-team-container>
`;
