// Jest Snapshot v1, https://goo.gl/fbAQLP

exports[`Team Container should compile 1`] = `
<app-team-container
  route={[Function Object]}
  store={[Function MockStore]}
  team={[Function Store]}
>
  <app-team-info>
    
  </app-team-info><div
    class="nav"
  >
    <nav
      class="nav-links"
    >
      <a
        href="/"
        routerlink="fixtures"
        routerlinkactive="active-link"
      >
        Fixtures
      </a>
      <a
        href="/"
        routerlink="squad"
        routerlinkactive="active-link"
      >
        Squad
      </a>
      <a
        href="/"
        routerlink="stats"
        routerlinkactive="active-link"
      >
        Stats
      </a>
    </nav>
  </div><router-outlet />
</app-team-container>
`;
